// Jest Snapshot v1, https://goo.gl/fbAQLP

exports[`pruebas  en el CounterApp.jsx debe de hacer match con el snapshot 1`] = `undefined`;
