// Jest Snapshot v1, https://goo.gl/fbAQLP

exports[`Pruebas en FirstApp.jsx debe de ahcer match con el snapshot 1`] = `
<div>
  <h1
    data-testid="test-title"
  >
     
    hoal, soy Goku
     
  </h1>
  <p />
  <p />
  <p />
</div>
`;
